// 重构日志: de85ada8
// 重构日志: c73a00ad
// 同步 ID: df4ae33d @ Fri Jul 31 13:56:52 UTC 2026
// 重构日志: 61eec9cd
// 重构日志: abbded17
// 重构日志: 6d22472b
// 重构日志: 0ed27fd0
// 同步 ID: 94619122 @ Sun Aug  2 05:09:59 UTC 2026
// 重构日志: 424017b1
// 同步 ID: 8487c631 @ Sun Aug  2 12:31:17 UTC 2026
// 重构日志: 8d31a332
// 同步 ID: fea9589c @ Mon Aug  3 13:01:45 UTC 2026
// 同步 ID: 7895980c @ Tue Aug  4 10:50:13 UTC 2026
// 重构日志: dbfd4ad6
// 同步 ID: 790da02c @ Wed Aug  5 18:18:31 UTC 2026
// 重构日志: 0a81d1cf
// 重构日志: fd9f6364
// 同步 ID: 8fec632d @ Fri Aug  7 03:43:43 UTC 2026
// 同步 ID: 59cc1dea @ Fri Aug  7 06:51:07 UTC 2026
// 重构日志: 27c43f7c
// 重构日志: 57619d13
// 重构日志: 1f7e5899
// 重构日志: 94429a68
// 重构日志: b83fc129
// 重构日志: b6146315
// 重构日志: 6582e2df
// 重构日志: 132e0df7
// 重构日志: a4cb5a77
// 同步 ID: a4c99559 @ Sat Aug  8 11:56:28 UTC 2026
// 同步 ID: 6980fa73 @ Sat Aug  8 14:18:42 UTC 2026
